In file included from tests/compile_fail/missing_type_after.cpp:16:
src/lguim/secureenumconverter.inc:24:6: error: #error "SEC_TYPE not defined"
     #error "SEC_TYPE not defined"
      ^~~~~
compilation terminated due to -Wfatal-errors.
